// Jest Snapshot v1, https://goo.gl/fbAQLP

exports[`Button should render initial component 1`] = `
ShallowWrapper {
  "length": 1,
  Symbol(enzyme.__root__): [Circular],
  Symbol(enzyme.__unrendered__): <WithStyles(_Button) />,
  Symbol(enzyme.__renderer__): Object {
    "batchedUpdates": [Function],
    "getNode": [Function],
    "render": [Function],
    "simulateEvent": [Function],
    "unmount": [Function],
  },
  Symbol(enzyme.__node__): Object {
    "instance": null,
    "key": undefined,
    "nodeType": "function",
    "props": Object {
      "classes": Object {
        "flatAmber": "_Button-flatAmber-34",
        "flatBlue": "_Button-flatBlue-26",
        "flatBlueGrey": "_Button-flatBlueGrey-39",
        "flatBrown": "_Button-flatBrown-37",
        "flatCyan": "_Button-flatCyan-28",
        "flatDeepOrange": "_Button-flatDeepOrange-36",
        "flatDeepPurple": "_Button-flatDeepPurple-24",
        "flatGreen": "_Button-flatGreen-30",
        "flatGrey": "_Button-flatGrey-38",
        "flatIndigo": "_Button-flatIndigo-25",
        "flatLightBlue": "_Button-flatLightBlue-27",
        "flatLightGreen": "_Button-flatLightGreen-31",
        "flatLime": "_Button-flatLime-32",
        "flatOrange": "_Button-flatOrange-35",
        "flatPink": "_Button-flatPink-22",
        "flatPurple": "_Button-flatPurple-23",
        "flatRed": "_Button-flatRed-21",
        "flatTeal": "_Button-flatTeal-29",
        "flatYellow": "_Button-flatYellow-33",
        "raisedAmber": "_Button-raisedAmber-15",
        "raisedBlue": "_Button-raisedBlue-7",
        "raisedBlueGrey": "_Button-raisedBlueGrey-20",
        "raisedBrown": "_Button-raisedBrown-18",
        "raisedCyan": "_Button-raisedCyan-9",
        "raisedDeepOrange": "_Button-raisedDeepOrange-17",
        "raisedDeepPurple": "_Button-raisedDeepPurple-5",
        "raisedGreen": "_Button-raisedGreen-11",
        "raisedGrey": "_Button-raisedGrey-19",
        "raisedIndigo": "_Button-raisedIndigo-6",
        "raisedLightBlue": "_Button-raisedLightBlue-8",
        "raisedLightGreen": "_Button-raisedLightGreen-12",
        "raisedLime": "_Button-raisedLime-13",
        "raisedOrange": "_Button-raisedOrange-16",
        "raisedPink": "_Button-raisedPink-3",
        "raisedPurple": "_Button-raisedPurple-4",
        "raisedRed": "_Button-raisedRed-2",
        "raisedTeal": "_Button-raisedTeal-10",
        "raisedYellow": "_Button-raisedYellow-14",
        "root": "_Button-root-1",
      },
    },
    "ref": null,
    "rendered": null,
    "type": [Function],
  },
  Symbol(enzyme.__nodes__): Array [
    Object {
      "instance": null,
      "key": undefined,
      "nodeType": "function",
      "props": Object {
        "classes": Object {
          "flatAmber": "_Button-flatAmber-34",
          "flatBlue": "_Button-flatBlue-26",
          "flatBlueGrey": "_Button-flatBlueGrey-39",
          "flatBrown": "_Button-flatBrown-37",
          "flatCyan": "_Button-flatCyan-28",
          "flatDeepOrange": "_Button-flatDeepOrange-36",
          "flatDeepPurple": "_Button-flatDeepPurple-24",
          "flatGreen": "_Button-flatGreen-30",
          "flatGrey": "_Button-flatGrey-38",
          "flatIndigo": "_Button-flatIndigo-25",
          "flatLightBlue": "_Button-flatLightBlue-27",
          "flatLightGreen": "_Button-flatLightGreen-31",
          "flatLime": "_Button-flatLime-32",
          "flatOrange": "_Button-flatOrange-35",
          "flatPink": "_Button-flatPink-22",
          "flatPurple": "_Button-flatPurple-23",
          "flatRed": "_Button-flatRed-21",
          "flatTeal": "_Button-flatTeal-29",
          "flatYellow": "_Button-flatYellow-33",
          "raisedAmber": "_Button-raisedAmber-15",
          "raisedBlue": "_Button-raisedBlue-7",
          "raisedBlueGrey": "_Button-raisedBlueGrey-20",
          "raisedBrown": "_Button-raisedBrown-18",
          "raisedCyan": "_Button-raisedCyan-9",
          "raisedDeepOrange": "_Button-raisedDeepOrange-17",
          "raisedDeepPurple": "_Button-raisedDeepPurple-5",
          "raisedGreen": "_Button-raisedGreen-11",
          "raisedGrey": "_Button-raisedGrey-19",
          "raisedIndigo": "_Button-raisedIndigo-6",
          "raisedLightBlue": "_Button-raisedLightBlue-8",
          "raisedLightGreen": "_Button-raisedLightGreen-12",
          "raisedLime": "_Button-raisedLime-13",
          "raisedOrange": "_Button-raisedOrange-16",
          "raisedPink": "_Button-raisedPink-3",
          "raisedPurple": "_Button-raisedPurple-4",
          "raisedRed": "_Button-raisedRed-2",
          "raisedTeal": "_Button-raisedTeal-10",
          "raisedYellow": "_Button-raisedYellow-14",
          "root": "_Button-root-1",
        },
      },
      "ref": null,
      "rendered": null,
      "type": [Function],
    },
  ],
  Symbol(enzyme.__options__): Object {
    "adapter": ReactSixteenAdapter {
      "options": Object {
        "enableComponentDidUpdateOnSetState": true,
      },
    },
  },
}
`;
