// Jest Snapshot v1, https://goo.gl/fbAQLP

exports[`Navigation should handle mapDispatchToProps 1`] = `Object {}`;

exports[`Navigation should handle mapStateToProps 1`] = `
Object {
  "router": [MockFunction],
}
`;

exports[`Navigation should render initial component 1`] = `
ShallowWrapper {
  "length": 1,
  Symbol(enzyme.__root__): [Circular],
  Symbol(enzyme.__unrendered__): <Navigation />,
  Symbol(enzyme.__renderer__): Object {
    "batchedUpdates": [Function],
    "getNode": [Function],
    "render": [Function],
    "simulateEvent": [Function],
    "unmount": [Function],
  },
  Symbol(enzyme.__node__): Object {
    "instance": null,
    "key": undefined,
    "nodeType": "host",
    "props": Object {
      "children": Array [
        <WithStyles(AppBar)>
          <WithStyles(Toolbar)>
            <_Link
              href="/"
              to="/"
            >
              <WithStyles(IconButton)
                style={
                  Object {
                    "color": "#fff",
                  }
                }
              >
                <WithStyles(Icon)>
                  arrow_back
                </WithStyles(Icon)>
              </WithStyles(IconButton)>
            </_Link>
            <WithStyles(Typography)
              color="inherit"
              style={
                Object {
                  "flex": "1 0 auto",
                }
              }
              variant="title"
            >
              Oh My React
            </WithStyles(Typography)>
            <WithStyles(IconButton)
              color="inherit"
              href="https://github.com/Shyam-Chen/React-Fullstack-Starter"
            >
              <i
                className="jsx-138544096 fa fa-github"
                style={
                  Object {
                    "fontSize": 24,
                  }
                }
              />
            </WithStyles(IconButton)>
          </WithStyles(Toolbar)>
        </WithStyles(AppBar)>,
        <div
          className="jsx-138544096 filling"
        />,
        false,
        <JSXStyle
          css=".location.jsx-138544096{color:#f48fb1;}.filling.jsx-138544096{padding-top:64px;}.buttons.jsx-138544096{display:-webkit-inline-box;display:-ms-inline-flexbox;display:-webkit-inline-box;display:-webkit-inline-flex;display:-ms-inline-flexbox;display:inline-flex;}"
          styleId="138544096"
        />,
      ],
      "className": "jsx-138544096",
    },
    "ref": null,
    "rendered": Array [
      Object {
        "instance": null,
        "key": undefined,
        "nodeType": "class",
        "props": Object {
          "children": <WithStyles(Toolbar)>
            <_Link
              href="/"
              to="/"
            >
              <WithStyles(IconButton)
                style={
                  Object {
                    "color": "#fff",
                  }
                }
              >
                <WithStyles(Icon)>
                  arrow_back
                </WithStyles(Icon)>
              </WithStyles(IconButton)>
            </_Link>
            <WithStyles(Typography)
              color="inherit"
              style={
                Object {
                  "flex": "1 0 auto",
                }
              }
              variant="title"
            >
              Oh My React
            </WithStyles(Typography)>
            <WithStyles(IconButton)
              color="inherit"
              href="https://github.com/Shyam-Chen/React-Fullstack-Starter"
            >
              <i
                className="jsx-138544096 fa fa-github"
                style={
                  Object {
                    "fontSize": 24,
                  }
                }
              />
            </WithStyles(IconButton)>
          </WithStyles(Toolbar)>,
        },
        "ref": null,
        "rendered": Object {
          "instance": null,
          "key": undefined,
          "nodeType": "class",
          "props": Object {
            "children": Array [
              <_Link
                href="/"
                to="/"
              >
                <WithStyles(IconButton)
                  style={
                    Object {
                      "color": "#fff",
                    }
                  }
                >
                  <WithStyles(Icon)>
                    arrow_back
                  </WithStyles(Icon)>
                </WithStyles(IconButton)>
              </_Link>,
              <WithStyles(Typography)
                color="inherit"
                style={
                  Object {
                    "flex": "1 0 auto",
                  }
                }
                variant="title"
              >
                Oh My React
              </WithStyles(Typography)>,
              <WithStyles(IconButton)
                color="inherit"
                href="https://github.com/Shyam-Chen/React-Fullstack-Starter"
              >
                <i
                  className="jsx-138544096 fa fa-github"
                  style={
                    Object {
                      "fontSize": 24,
                    }
                  }
                />
              </WithStyles(IconButton)>,
            ],
          },
          "ref": null,
          "rendered": Array [
            Object {
              "instance": null,
              "key": undefined,
              "nodeType": "function",
              "props": Object {
                "children": <WithStyles(IconButton)
                  style={
                    Object {
                      "color": "#fff",
                    }
                  }
                >
                  <WithStyles(Icon)>
                    arrow_back
                  </WithStyles(Icon)>
                </WithStyles(IconButton)>,
                "href": "/",
                "to": "/",
              },
              "ref": null,
              "rendered": Object {
                "instance": null,
                "key": undefined,
                "nodeType": "class",
                "props": Object {
                  "children": <WithStyles(Icon)>
                    arrow_back
                  </WithStyles(Icon)>,
                  "style": Object {
                    "color": "#fff",
                  },
                },
                "ref": null,
                "rendered": Object {
                  "instance": null,
                  "key": undefined,
                  "nodeType": "class",
                  "props": Object {
                    "children": "arrow_back",
                  },
                  "ref": null,
                  "rendered": "arrow_back",
                  "type": [Function],
                },
                "type": [Function],
              },
              "type": [Function],
            },
            Object {
              "instance": null,
              "key": undefined,
              "nodeType": "class",
              "props": Object {
                "children": "Oh My React",
                "color": "inherit",
                "style": Object {
                  "flex": "1 0 auto",
                },
                "variant": "title",
              },
              "ref": null,
              "rendered": "Oh My React",
              "type": [Function],
            },
            Object {
              "instance": null,
              "key": undefined,
              "nodeType": "class",
              "props": Object {
                "children": <i
                  className="jsx-138544096 fa fa-github"
                  style={
                    Object {
                      "fontSize": 24,
                    }
                  }
                />,
                "color": "inherit",
                "href": "https://github.com/Shyam-Chen/React-Fullstack-Starter",
              },
              "ref": null,
              "rendered": Object {
                "instance": null,
                "key": undefined,
                "nodeType": "host",
                "props": Object {
                  "className": "jsx-138544096 fa fa-github",
                  "style": Object {
                    "fontSize": 24,
                  },
                },
                "ref": null,
                "rendered": null,
                "type": "i",
              },
              "type": [Function],
            },
          ],
          "type": [Function],
        },
        "type": [Function],
      },
      Object {
        "instance": null,
        "key": undefined,
        "nodeType": "host",
        "props": Object {
          "className": "jsx-138544096 filling",
        },
        "ref": null,
        "rendered": null,
        "type": "div",
      },
      false,
      Object {
        "instance": null,
        "key": undefined,
        "nodeType": "class",
        "props": Object {
          "css": ".location.jsx-138544096{color:#f48fb1;}.filling.jsx-138544096{padding-top:64px;}.buttons.jsx-138544096{display:-webkit-inline-box;display:-ms-inline-flexbox;display:-webkit-inline-box;display:-webkit-inline-flex;display:-ms-inline-flexbox;display:inline-flex;}",
          "styleId": "138544096",
        },
        "ref": null,
        "rendered": null,
        "type": [Function],
      },
    ],
    "type": "div",
  },
  Symbol(enzyme.__nodes__): Array [
    Object {
      "instance": null,
      "key": undefined,
      "nodeType": "host",
      "props": Object {
        "children": Array [
          <WithStyles(AppBar)>
            <WithStyles(Toolbar)>
              <_Link
                href="/"
                to="/"
              >
                <WithStyles(IconButton)
                  style={
                    Object {
                      "color": "#fff",
                    }
                  }
                >
                  <WithStyles(Icon)>
                    arrow_back
                  </WithStyles(Icon)>
                </WithStyles(IconButton)>
              </_Link>
              <WithStyles(Typography)
                color="inherit"
                style={
                  Object {
                    "flex": "1 0 auto",
                  }
                }
                variant="title"
              >
                Oh My React
              </WithStyles(Typography)>
              <WithStyles(IconButton)
                color="inherit"
                href="https://github.com/Shyam-Chen/React-Fullstack-Starter"
              >
                <i
                  className="jsx-138544096 fa fa-github"
                  style={
                    Object {
                      "fontSize": 24,
                    }
                  }
                />
              </WithStyles(IconButton)>
            </WithStyles(Toolbar)>
          </WithStyles(AppBar)>,
          <div
            className="jsx-138544096 filling"
          />,
          false,
          <JSXStyle
            css=".location.jsx-138544096{color:#f48fb1;}.filling.jsx-138544096{padding-top:64px;}.buttons.jsx-138544096{display:-webkit-inline-box;display:-ms-inline-flexbox;display:-webkit-inline-box;display:-webkit-inline-flex;display:-ms-inline-flexbox;display:inline-flex;}"
            styleId="138544096"
          />,
        ],
        "className": "jsx-138544096",
      },
      "ref": null,
      "rendered": Array [
        Object {
          "instance": null,
          "key": undefined,
          "nodeType": "class",
          "props": Object {
            "children": <WithStyles(Toolbar)>
              <_Link
                href="/"
                to="/"
              >
                <WithStyles(IconButton)
                  style={
                    Object {
                      "color": "#fff",
                    }
                  }
                >
                  <WithStyles(Icon)>
                    arrow_back
                  </WithStyles(Icon)>
                </WithStyles(IconButton)>
              </_Link>
              <WithStyles(Typography)
                color="inherit"
                style={
                  Object {
                    "flex": "1 0 auto",
                  }
                }
                variant="title"
              >
                Oh My React
              </WithStyles(Typography)>
              <WithStyles(IconButton)
                color="inherit"
                href="https://github.com/Shyam-Chen/React-Fullstack-Starter"
              >
                <i
                  className="jsx-138544096 fa fa-github"
                  style={
                    Object {
                      "fontSize": 24,
                    }
                  }
                />
              </WithStyles(IconButton)>
            </WithStyles(Toolbar)>,
          },
          "ref": null,
          "rendered": Object {
            "instance": null,
            "key": undefined,
            "nodeType": "class",
            "props": Object {
              "children": Array [
                <_Link
                  href="/"
                  to="/"
                >
                  <WithStyles(IconButton)
                    style={
                      Object {
                        "color": "#fff",
                      }
                    }
                  >
                    <WithStyles(Icon)>
                      arrow_back
                    </WithStyles(Icon)>
                  </WithStyles(IconButton)>
                </_Link>,
                <WithStyles(Typography)
                  color="inherit"
                  style={
                    Object {
                      "flex": "1 0 auto",
                    }
                  }
                  variant="title"
                >
                  Oh My React
                </WithStyles(Typography)>,
                <WithStyles(IconButton)
                  color="inherit"
                  href="https://github.com/Shyam-Chen/React-Fullstack-Starter"
                >
                  <i
                    className="jsx-138544096 fa fa-github"
                    style={
                      Object {
                        "fontSize": 24,
                      }
                    }
                  />
                </WithStyles(IconButton)>,
              ],
            },
            "ref": null,
            "rendered": Array [
              Object {
                "instance": null,
                "key": undefined,
                "nodeType": "function",
                "props": Object {
                  "children": <WithStyles(IconButton)
                    style={
                      Object {
                        "color": "#fff",
                      }
                    }
                  >
                    <WithStyles(Icon)>
                      arrow_back
                    </WithStyles(Icon)>
                  </WithStyles(IconButton)>,
                  "href": "/",
                  "to": "/",
                },
                "ref": null,
                "rendered": Object {
                  "instance": null,
                  "key": undefined,
                  "nodeType": "class",
                  "props": Object {
                    "children": <WithStyles(Icon)>
                      arrow_back
                    </WithStyles(Icon)>,
                    "style": Object {
                      "color": "#fff",
                    },
                  },
                  "ref": null,
                  "rendered": Object {
                    "instance": null,
                    "key": undefined,
                    "nodeType": "class",
                    "props": Object {
                      "children": "arrow_back",
                    },
                    "ref": null,
                    "rendered": "arrow_back",
                    "type": [Function],
                  },
                  "type": [Function],
                },
                "type": [Function],
              },
              Object {
                "instance": null,
                "key": undefined,
                "nodeType": "class",
                "props": Object {
                  "children": "Oh My React",
                  "color": "inherit",
                  "style": Object {
                    "flex": "1 0 auto",
                  },
                  "variant": "title",
                },
                "ref": null,
                "rendered": "Oh My React",
                "type": [Function],
              },
              Object {
                "instance": null,
                "key": undefined,
                "nodeType": "class",
                "props": Object {
                  "children": <i
                    className="jsx-138544096 fa fa-github"
                    style={
                      Object {
                        "fontSize": 24,
                      }
                    }
                  />,
                  "color": "inherit",
                  "href": "https://github.com/Shyam-Chen/React-Fullstack-Starter",
                },
                "ref": null,
                "rendered": Object {
                  "instance": null,
                  "key": undefined,
                  "nodeType": "host",
                  "props": Object {
                    "className": "jsx-138544096 fa fa-github",
                    "style": Object {
                      "fontSize": 24,
                    },
                  },
                  "ref": null,
                  "rendered": null,
                  "type": "i",
                },
                "type": [Function],
              },
            ],
            "type": [Function],
          },
          "type": [Function],
        },
        Object {
          "instance": null,
          "key": undefined,
          "nodeType": "host",
          "props": Object {
            "className": "jsx-138544096 filling",
          },
          "ref": null,
          "rendered": null,
          "type": "div",
        },
        false,
        Object {
          "instance": null,
          "key": undefined,
          "nodeType": "class",
          "props": Object {
            "css": ".location.jsx-138544096{color:#f48fb1;}.filling.jsx-138544096{padding-top:64px;}.buttons.jsx-138544096{display:-webkit-inline-box;display:-ms-inline-flexbox;display:-webkit-inline-box;display:-webkit-inline-flex;display:-ms-inline-flexbox;display:inline-flex;}",
            "styleId": "138544096",
          },
          "ref": null,
          "rendered": null,
          "type": [Function],
        },
      ],
      "type": "div",
    },
  ],
  Symbol(enzyme.__options__): Object {
    "adapter": ReactSixteenAdapter {
      "options": Object {
        "enableComponentDidUpdateOnSetState": true,
      },
    },
  },
}
`;
