// Jest Snapshot v1, https://goo.gl/fbAQLP

exports[`Button should render initial component 1`] = `
ShallowWrapper {
  "length": 1,
  Symbol(enzyme.__root__): [Circular],
  Symbol(enzyme.__unrendered__): <withStyles(Component) />,
  Symbol(enzyme.__renderer__): Object {
    "batchedUpdates": [Function],
    "getNode": [Function],
    "render": [Function],
    "simulateEvent": [Function],
    "unmount": [Function],
  },
  Symbol(enzyme.__node__): Object {
    "instance": null,
    "key": null,
    "nodeType": "function",
    "props": Object {
      "classes": Object {
        ".Component-flatAmber-34:hover": "Component-flatAmber-34:hover",
        ".Component-flatBlue-26:hover": "Component-flatBlue-26:hover",
        ".Component-flatBlueGrey-39:hover": "Component-flatBlueGrey-39:hover",
        ".Component-flatBrown-37:hover": "Component-flatBrown-37:hover",
        ".Component-flatCyan-28:hover": "Component-flatCyan-28:hover",
        ".Component-flatDeepOrange-36:hover": "Component-flatDeepOrange-36:hover",
        ".Component-flatDeepPurple-24:hover": "Component-flatDeepPurple-24:hover",
        ".Component-flatGreen-30:hover": "Component-flatGreen-30:hover",
        ".Component-flatGrey-38:hover": "Component-flatGrey-38:hover",
        ".Component-flatIndigo-25:hover": "Component-flatIndigo-25:hover",
        ".Component-flatLightBlue-27:hover": "Component-flatLightBlue-27:hover",
        ".Component-flatLightGreen-31:hover": "Component-flatLightGreen-31:hover",
        ".Component-flatLime-32:hover": "Component-flatLime-32:hover",
        ".Component-flatOrange-35:hover": "Component-flatOrange-35:hover",
        ".Component-flatPink-22:hover": "Component-flatPink-22:hover",
        ".Component-flatPurple-23:hover": "Component-flatPurple-23:hover",
        ".Component-flatRed-21:hover": "Component-flatRed-21:hover",
        ".Component-flatTeal-29:hover": "Component-flatTeal-29:hover",
        ".Component-flatYellow-33:hover": "Component-flatYellow-33:hover",
        ".Component-raisedAmber-15:hover": "Component-raisedAmber-15:hover",
        ".Component-raisedBlue-7:hover": "Component-raisedBlue-7:hover",
        ".Component-raisedBlueGrey-20:hover": "Component-raisedBlueGrey-20:hover",
        ".Component-raisedBrown-18:hover": "Component-raisedBrown-18:hover",
        ".Component-raisedCyan-9:hover": "Component-raisedCyan-9:hover",
        ".Component-raisedDeepOrange-17:hover": "Component-raisedDeepOrange-17:hover",
        ".Component-raisedDeepPurple-5:hover": "Component-raisedDeepPurple-5:hover",
        ".Component-raisedGreen-11:hover": "Component-raisedGreen-11:hover",
        ".Component-raisedGrey-19:hover": "Component-raisedGrey-19:hover",
        ".Component-raisedIndigo-6:hover": "Component-raisedIndigo-6:hover",
        ".Component-raisedLightBlue-8:hover": "Component-raisedLightBlue-8:hover",
        ".Component-raisedLightGreen-12:hover": "Component-raisedLightGreen-12:hover",
        ".Component-raisedLime-13:hover": "Component-raisedLime-13:hover",
        ".Component-raisedOrange-16:hover": "Component-raisedOrange-16:hover",
        ".Component-raisedPink-3:hover": "Component-raisedPink-3:hover",
        ".Component-raisedPurple-4:hover": "Component-raisedPurple-4:hover",
        ".Component-raisedRed-2:hover": "Component-raisedRed-2:hover",
        ".Component-raisedTeal-10:hover": "Component-raisedTeal-10:hover",
        ".Component-raisedYellow-14:hover": "Component-raisedYellow-14:hover",
        "flatAmber": "Component-flatAmber-34",
        "flatBlue": "Component-flatBlue-26",
        "flatBlueGrey": "Component-flatBlueGrey-39",
        "flatBrown": "Component-flatBrown-37",
        "flatCyan": "Component-flatCyan-28",
        "flatDeepOrange": "Component-flatDeepOrange-36",
        "flatDeepPurple": "Component-flatDeepPurple-24",
        "flatGreen": "Component-flatGreen-30",
        "flatGrey": "Component-flatGrey-38",
        "flatIndigo": "Component-flatIndigo-25",
        "flatLightBlue": "Component-flatLightBlue-27",
        "flatLightGreen": "Component-flatLightGreen-31",
        "flatLime": "Component-flatLime-32",
        "flatOrange": "Component-flatOrange-35",
        "flatPink": "Component-flatPink-22",
        "flatPurple": "Component-flatPurple-23",
        "flatRed": "Component-flatRed-21",
        "flatTeal": "Component-flatTeal-29",
        "flatYellow": "Component-flatYellow-33",
        "raisedAmber": "Component-raisedAmber-15",
        "raisedBlue": "Component-raisedBlue-7",
        "raisedBlueGrey": "Component-raisedBlueGrey-20",
        "raisedBrown": "Component-raisedBrown-18",
        "raisedCyan": "Component-raisedCyan-9",
        "raisedDeepOrange": "Component-raisedDeepOrange-17",
        "raisedDeepPurple": "Component-raisedDeepPurple-5",
        "raisedGreen": "Component-raisedGreen-11",
        "raisedGrey": "Component-raisedGrey-19",
        "raisedIndigo": "Component-raisedIndigo-6",
        "raisedLightBlue": "Component-raisedLightBlue-8",
        "raisedLightGreen": "Component-raisedLightGreen-12",
        "raisedLime": "Component-raisedLime-13",
        "raisedOrange": "Component-raisedOrange-16",
        "raisedPink": "Component-raisedPink-3",
        "raisedPurple": "Component-raisedPurple-4",
        "raisedRed": "Component-raisedRed-2",
        "raisedTeal": "Component-raisedTeal-10",
        "raisedYellow": "Component-raisedYellow-14",
        "root": "Component-root-1",
      },
    },
    "ref": null,
    "rendered": null,
    "type": [Function],
  },
  Symbol(enzyme.__nodes__): Array [
    Object {
      "instance": null,
      "key": null,
      "nodeType": "function",
      "props": Object {
        "classes": Object {
          ".Component-flatAmber-34:hover": "Component-flatAmber-34:hover",
          ".Component-flatBlue-26:hover": "Component-flatBlue-26:hover",
          ".Component-flatBlueGrey-39:hover": "Component-flatBlueGrey-39:hover",
          ".Component-flatBrown-37:hover": "Component-flatBrown-37:hover",
          ".Component-flatCyan-28:hover": "Component-flatCyan-28:hover",
          ".Component-flatDeepOrange-36:hover": "Component-flatDeepOrange-36:hover",
          ".Component-flatDeepPurple-24:hover": "Component-flatDeepPurple-24:hover",
          ".Component-flatGreen-30:hover": "Component-flatGreen-30:hover",
          ".Component-flatGrey-38:hover": "Component-flatGrey-38:hover",
          ".Component-flatIndigo-25:hover": "Component-flatIndigo-25:hover",
          ".Component-flatLightBlue-27:hover": "Component-flatLightBlue-27:hover",
          ".Component-flatLightGreen-31:hover": "Component-flatLightGreen-31:hover",
          ".Component-flatLime-32:hover": "Component-flatLime-32:hover",
          ".Component-flatOrange-35:hover": "Component-flatOrange-35:hover",
          ".Component-flatPink-22:hover": "Component-flatPink-22:hover",
          ".Component-flatPurple-23:hover": "Component-flatPurple-23:hover",
          ".Component-flatRed-21:hover": "Component-flatRed-21:hover",
          ".Component-flatTeal-29:hover": "Component-flatTeal-29:hover",
          ".Component-flatYellow-33:hover": "Component-flatYellow-33:hover",
          ".Component-raisedAmber-15:hover": "Component-raisedAmber-15:hover",
          ".Component-raisedBlue-7:hover": "Component-raisedBlue-7:hover",
          ".Component-raisedBlueGrey-20:hover": "Component-raisedBlueGrey-20:hover",
          ".Component-raisedBrown-18:hover": "Component-raisedBrown-18:hover",
          ".Component-raisedCyan-9:hover": "Component-raisedCyan-9:hover",
          ".Component-raisedDeepOrange-17:hover": "Component-raisedDeepOrange-17:hover",
          ".Component-raisedDeepPurple-5:hover": "Component-raisedDeepPurple-5:hover",
          ".Component-raisedGreen-11:hover": "Component-raisedGreen-11:hover",
          ".Component-raisedGrey-19:hover": "Component-raisedGrey-19:hover",
          ".Component-raisedIndigo-6:hover": "Component-raisedIndigo-6:hover",
          ".Component-raisedLightBlue-8:hover": "Component-raisedLightBlue-8:hover",
          ".Component-raisedLightGreen-12:hover": "Component-raisedLightGreen-12:hover",
          ".Component-raisedLime-13:hover": "Component-raisedLime-13:hover",
          ".Component-raisedOrange-16:hover": "Component-raisedOrange-16:hover",
          ".Component-raisedPink-3:hover": "Component-raisedPink-3:hover",
          ".Component-raisedPurple-4:hover": "Component-raisedPurple-4:hover",
          ".Component-raisedRed-2:hover": "Component-raisedRed-2:hover",
          ".Component-raisedTeal-10:hover": "Component-raisedTeal-10:hover",
          ".Component-raisedYellow-14:hover": "Component-raisedYellow-14:hover",
          "flatAmber": "Component-flatAmber-34",
          "flatBlue": "Component-flatBlue-26",
          "flatBlueGrey": "Component-flatBlueGrey-39",
          "flatBrown": "Component-flatBrown-37",
          "flatCyan": "Component-flatCyan-28",
          "flatDeepOrange": "Component-flatDeepOrange-36",
          "flatDeepPurple": "Component-flatDeepPurple-24",
          "flatGreen": "Component-flatGreen-30",
          "flatGrey": "Component-flatGrey-38",
          "flatIndigo": "Component-flatIndigo-25",
          "flatLightBlue": "Component-flatLightBlue-27",
          "flatLightGreen": "Component-flatLightGreen-31",
          "flatLime": "Component-flatLime-32",
          "flatOrange": "Component-flatOrange-35",
          "flatPink": "Component-flatPink-22",
          "flatPurple": "Component-flatPurple-23",
          "flatRed": "Component-flatRed-21",
          "flatTeal": "Component-flatTeal-29",
          "flatYellow": "Component-flatYellow-33",
          "raisedAmber": "Component-raisedAmber-15",
          "raisedBlue": "Component-raisedBlue-7",
          "raisedBlueGrey": "Component-raisedBlueGrey-20",
          "raisedBrown": "Component-raisedBrown-18",
          "raisedCyan": "Component-raisedCyan-9",
          "raisedDeepOrange": "Component-raisedDeepOrange-17",
          "raisedDeepPurple": "Component-raisedDeepPurple-5",
          "raisedGreen": "Component-raisedGreen-11",
          "raisedGrey": "Component-raisedGrey-19",
          "raisedIndigo": "Component-raisedIndigo-6",
          "raisedLightBlue": "Component-raisedLightBlue-8",
          "raisedLightGreen": "Component-raisedLightGreen-12",
          "raisedLime": "Component-raisedLime-13",
          "raisedOrange": "Component-raisedOrange-16",
          "raisedPink": "Component-raisedPink-3",
          "raisedPurple": "Component-raisedPurple-4",
          "raisedRed": "Component-raisedRed-2",
          "raisedTeal": "Component-raisedTeal-10",
          "raisedYellow": "Component-raisedYellow-14",
          "root": "Component-root-1",
        },
      },
      "ref": null,
      "rendered": null,
      "type": [Function],
    },
  ],
  Symbol(enzyme.__options__): Object {
    "adapter": ReactFifteenAdapter {
      "options": Object {
        "supportPrevContextArgumentOfComponentDidUpdate": true,
      },
    },
  },
}
`;
